Archive member included because of file (symbol)

c:/program files/gnu tools arm embedded/4.8 2014q2/bin/../lib/gcc/arm-none-eabi/4.8.4/armv7e-m\libgcc.a(_arm_addsubdf3.o)
                              ..\obj\main.o (__aeabi_f2d)
c:/program files/gnu tools arm embedded/4.8 2014q2/bin/../lib/gcc/arm-none-eabi/4.8.4/armv7e-m\libgcc.a(_arm_addsubsf3.o)
                              ..\obj\main.o (__aeabi_i2f)
c:/program files/gnu tools arm embedded/4.8 2014q2/bin/../lib/gcc/arm-none-eabi/4.8.4/armv7e-m\libgcc.a(_arm_muldivsf3.o)
                              ..\obj\main.o (__aeabi_fmul)
c:/program files/gnu tools arm embedded/4.8 2014q2/bin/../lib/gcc/arm-none-eabi/4.8.4/../../../../arm-none-eabi/lib/armv7e-m\libc.a(lib_a-sprintf.o)
                              ..\obj\main.o (sprintf)
c:/program files/gnu tools arm embedded/4.8 2014q2/bin/../lib/gcc/arm-none-eabi/4.8.4/../../../../arm-none-eabi/lib/armv7e-m\libc.a(lib_a-svfprintf.o)
                              c:/program files/gnu tools arm embedded/4.8 2014q2/bin/../lib/gcc/arm-none-eabi/4.8.4/../../../../arm-none-eabi/lib/armv7e-m\libc.a(lib_a-sprintf.o) (_svfprintf_r)
c:/program files/gnu tools arm embedded/4.8 2014q2/bin/../lib/gcc/arm-none-eabi/4.8.4/../../../../arm-none-eabi/lib/armv7e-m\libc.a(lib_a-dtoa.o)
                              c:/program files/gnu tools arm embedded/4.8 2014q2/bin/../lib/gcc/arm-none-eabi/4.8.4/../../../../arm-none-eabi/lib/armv7e-m\libc.a(lib_a-svfprintf.o) (_dtoa_r)
c:/program files/gnu tools arm embedded/4.8 2014q2/bin/../lib/gcc/arm-none-eabi/4.8.4/../../../../arm-none-eabi/lib/armv7e-m\libc.a(lib_a-impure.o)
                              c:/program files/gnu tools arm embedded/4.8 2014q2/bin/../lib/gcc/arm-none-eabi/4.8.4/../../../../arm-none-eabi/lib/armv7e-m\libc.a(lib_a-sprintf.o) (_impure_ptr)
c:/program files/gnu tools arm embedded/4.8 2014q2/bin/../lib/gcc/arm-none-eabi/4.8.4/../../../../arm-none-eabi/lib/armv7e-m\libc.a(lib_a-locale.o)
                              c:/program files/gnu tools arm embedded/4.8 2014q2/bin/../lib/gcc/arm-none-eabi/4.8.4/../../../../arm-none-eabi/lib/armv7e-m\libc.a(lib_a-svfprintf.o) (_localeconv_r)
c:/program files/gnu tools arm embedded/4.8 2014q2/bin/../lib/gcc/arm-none-eabi/4.8.4/../../../../arm-none-eabi/lib/armv7e-m\libc.a(lib_a-mallocr.o)
                              c:/program files/gnu tools arm embedded/4.8 2014q2/bin/../lib/gcc/arm-none-eabi/4.8.4/../../../../arm-none-eabi/lib/armv7e-m\libc.a(lib_a-svfprintf.o) (_malloc_r)
c:/program files/gnu tools arm embedded/4.8 2014q2/bin/../lib/gcc/arm-none-eabi/4.8.4/../../../../arm-none-eabi/lib/armv7e-m\libc.a(lib_a-memchr-stub.o)
                              c:/program files/gnu tools arm embedded/4.8 2014q2/bin/../lib/gcc/arm-none-eabi/4.8.4/../../../../arm-none-eabi/lib/armv7e-m\libc.a(lib_a-svfprintf.o) (memchr)
c:/program files/gnu tools arm embedded/4.8 2014q2/bin/../lib/gcc/arm-none-eabi/4.8.4/../../../../arm-none-eabi/lib/armv7e-m\libc.a(lib_a-memcpy.o)
                              c:/program files/gnu tools arm embedded/4.8 2014q2/bin/../lib/gcc/arm-none-eabi/4.8.4/../../../../arm-none-eabi/lib/armv7e-m\libc.a(lib_a-dtoa.o) (memcpy)
c:/program files/gnu tools arm embedded/4.8 2014q2/bin/../lib/gcc/arm-none-eabi/4.8.4/../../../../arm-none-eabi/lib/armv7e-m\libc.a(lib_a-mlock.o)
                              c:/program files/gnu tools arm embedded/4.8 2014q2/bin/../lib/gcc/arm-none-eabi/4.8.4/../../../../arm-none-eabi/lib/armv7e-m\libc.a(lib_a-mallocr.o) (__malloc_lock)
c:/program files/gnu tools arm embedded/4.8 2014q2/bin/../lib/gcc/arm-none-eabi/4.8.4/../../../../arm-none-eabi/lib/armv7e-m\libc.a(lib_a-mprec.o)
                              c:/program files/gnu tools arm embedded/4.8 2014q2/bin/../lib/gcc/arm-none-eabi/4.8.4/../../../../arm-none-eabi/lib/armv7e-m\libc.a(lib_a-dtoa.o) (_Balloc)
c:/program files/gnu tools arm embedded/4.8 2014q2/bin/../lib/gcc/arm-none-eabi/4.8.4/../../../../arm-none-eabi/lib/armv7e-m\libc.a(lib_a-s_fpclassify.o)
                              c:/program files/gnu tools arm embedded/4.8 2014q2/bin/../lib/gcc/arm-none-eabi/4.8.4/../../../../arm-none-eabi/lib/armv7e-m\libc.a(lib_a-svfprintf.o) (__fpclassifyd)
c:/program files/gnu tools arm embedded/4.8 2014q2/bin/../lib/gcc/arm-none-eabi/4.8.4/../../../../arm-none-eabi/lib/armv7e-m\libc.a(lib_a-sbrkr.o)
                              c:/program files/gnu tools arm embedded/4.8 2014q2/bin/../lib/gcc/arm-none-eabi/4.8.4/../../../../arm-none-eabi/lib/armv7e-m\libc.a(lib_a-mallocr.o) (_sbrk_r)
c:/program files/gnu tools arm embedded/4.8 2014q2/bin/../lib/gcc/arm-none-eabi/4.8.4/../../../../arm-none-eabi/lib/armv7e-m\libc.a(lib_a-strcmp.o)
                              c:/program files/gnu tools arm embedded/4.8 2014q2/bin/../lib/gcc/arm-none-eabi/4.8.4/../../../../arm-none-eabi/lib/armv7e-m\libc.a(lib_a-locale.o) (strcmp)
[...]
Memory Configuration

Name             Origin             Length             Attributes
rom              0x08000000         0x00040000         xr
ram              0x20000000         0x00010000         xrw
*default*        0x00000000         0xffffffff

Linker script and memory map

                0x20010000                _eram = 0x20010000

.text           0x08000000     0x681c
 *(.isr_vector)
 .isr_vector    0x08000000      0x188 ..\obj\startup_stm32f4xx.o
                0x08000000                g_pfnVectors
 *(.text*)
 .text.USART_Init
                0x08000188      0x174 ..\obj\stm32f4xx_usart.o
                0x08000188                USART_Init
 .text.USART_Cmd
                0x080002fc       0x40 ..\obj\stm32f4xx_usart.o
                0x080002fc                USART_Cmd
 .text.USART_SendData
                0x0800033c       0x24 ..\obj\stm32f4xx_usart.o
                0x0800033c                USART_SendData
 .text.USART_ReceiveData
                0x08000360       0x20 ..\obj\stm32f4xx_usart.o
                0x08000360                USART_ReceiveData
 .text.USART_ITConfig
                0x08000380       0x90 ..\obj\stm32f4xx_usart.o
                0x08000380                USART_ITConfig
 .text.USART_GetFlagStatus
                0x08000410       0x38 ..\obj\stm32f4xx_usart.o
                0x08000410                USART_GetFlagStatus
 .text.USART_ClearITPendingBit
                0x08000448       0x38 ..\obj\stm32f4xx_usart.o
                0x08000448                USART_ClearITPendingBit
 .text.Default_Reset_Handler
                0x08000480       0x5c ..\obj\startup_stm32f4xx.o
                0x08000480                Default_Reset_Handler
                0x08000480                Reset_Handler
 .text.Default_Handler
                0x080004dc        0x8 ..\obj\startup_stm32f4xx.o
                0x080004dc                RTC_Alarm_IRQHandler
                0x080004dc                HASH_RNG_IRQHandler
                0x080004dc                EXTI2_IRQHandler
                0x080004dc                TIM8_CC_IRQHandler
                0x080004dc                DebugMon_Handler
                0x080004dc                TIM1_CC_IRQHandler
                0x080004dc                DMA2_Stream5_IRQHandler
                0x080004dc                HardFault_Handler
                0x080004dc                DMA1_Stream5_IRQHandler
                0x080004dc                SysTick_Handler
                0x080004dc                PVD_IRQHandler
                0x080004dc                SDIO_IRQHandler
                0x080004dc                TAMP_STAMP_IRQHandler
                0x080004dc                PendSV_Handler
                0x080004dc                NMI_Handler
                0x080004dc                CAN2_RX1_IRQHandler
                0x080004dc                EXTI3_IRQHandler
                0x080004dc                TIM8_TRG_COM_TIM14_IRQHandler
                0x080004dc                TIM1_UP_TIM10_IRQHandler
                0x080004dc                TIM8_UP_TIM13_IRQHandler
                0x080004dc                I2C3_ER_IRQHandler
                0x080004dc                EXTI0_IRQHandler
                0x080004dc                I2C2_EV_IRQHandler
                0x080004dc                DMA1_Stream2_IRQHandler
                0x080004dc                CAN1_RX0_IRQHandler
                0x080004dc                FPU_IRQHandler
                0x080004dc                OTG_HS_WKUP_IRQHandler
                0x080004dc                UsageFault_Handler
                0x080004dc                CAN2_SCE_IRQHandler
                0x080004dc                DMA2_Stream2_IRQHandler
                0x080004dc                SPI1_IRQHandler
                0x080004dc                TIM6_DAC_IRQHandler
                0x080004dc                TIM1_BRK_TIM9_IRQHandler
                0x080004dc                DCMI_IRQHandler
                0x080004dc                CAN2_RX0_IRQHandler
                0x080004dc                DMA2_Stream3_IRQHandler
                0x080004dc                USART6_IRQHandler
                0x080004dc                CRYP_IRQHandler
                0x080004dc                CAN1_RX1_IRQHandler
                0x080004dc                UART5_IRQHandler
                0x080004dc                DMA2_Stream0_IRQHandler
                0x080004dc                TIM4_IRQHandler
                0x080004dc                I2C1_EV_IRQHandler
                0x080004dc                DMA1_Stream6_IRQHandler
                0x080004dc                DMA1_Stream1_IRQHandler
                0x080004dc                UART4_IRQHandler
                0x080004dc                TIM3_IRQHandler
                0x080004dc                RCC_IRQHandler
                0x080004dc                TIM8_BRK_TIM12_IRQHandler
                0x080004dc                EXTI15_10_IRQHandler
                0x080004dc                ADC_IRQHandler
                0x080004dc                DMA1_Stream7_IRQHandler
                0x080004dc                TIM7_IRQHandler
                0x080004dc                CAN2_TX_IRQHandler
                0x080004dc                TIM5_IRQHandler
                0x080004dc                DMA2_Stream7_IRQHandler
                0x080004dc                I2C3_EV_IRQHandler
                0x080004dc                EXTI9_5_IRQHandler
                0x080004dc                RTC_WKUP_IRQHandler
                0x080004dc                ETH_WKUP_IRQHandler
                0x080004dc                SPI2_IRQHandler
                0x080004dc                OTG_HS_EP1_IN_IRQHandler
                0x080004dc                MemManage_Handler
                0x080004dc                DMA1_Stream0_IRQHandler
                0x080004dc                CAN1_TX_IRQHandler
                0x080004dc                SVC_Handler
                0x080004dc                EXTI4_IRQHandler
                0x080004dc                FSMC_IRQHandler
                0x080004dc                ETH_IRQHandler
                0x080004dc                OTG_HS_EP1_OUT_IRQHandler
                0x080004dc                WWDG_IRQHandler
                0x080004dc                TIM2_IRQHandler
                0x080004dc                OTG_FS_WKUP_IRQHandler
                0x080004dc                TIM1_TRG_COM_TIM11_IRQHandler
                0x080004dc                OTG_HS_IRQHandler
                0x080004dc                EXTI1_IRQHandler
                0x080004dc                USART2_IRQHandler
                0x080004dc                I2C2_ER_IRQHandler
                0x080004dc                DMA2_Stream1_IRQHandler
                0x080004dc                CAN1_SCE_IRQHandler
                0x080004dc                FLASH_IRQHandler
                0x080004dc                DMA2_Stream4_IRQHandler
                0x080004dc                BusFault_Handler
                0x080004dc                USART1_IRQHandler
                0x080004dc                OTG_FS_IRQHandler
                0x080004dc                SPI3_IRQHandler
                0x080004dc                DMA1_Stream4_IRQHandler
                0x080004dc                I2C1_ER_IRQHandler
                0x080004dc                DMA2_Stream6_IRQHandler
                0x080004dc                DMA1_Stream3_IRQHandler
 .text.main     0x080004e4      0x27c ..\obj\main.o
                0x080004e4                main
 .text.APP_dato_rx
                0x08000760       0x28 ..\obj\main.o
                0x08000760                APP_dato_rx
 .text.imprimir_menu
                0x08000788      0x294 ..\obj\main.o
                0x08000788                imprimir_menu
 .text.RCC_GetClocksFreq
                0x08000a1c      0x154 ..\obj\stm32f4xx_rcc.o
                0x08000a1c                RCC_GetClocksFreq
 .text.RCC_AHB1PeriphClockCmd
                0x08000b70       0x3c ..\obj\stm32f4xx_rcc.o
                0x08000b70                RCC_AHB1PeriphClockCmd
 .text.RCC_APB1PeriphClockCmd
                0x08000bac       0x3c ..\obj\stm32f4xx_rcc.o
                0x08000bac                RCC_APB1PeriphClockCmd
 .text.RCC_APB2PeriphClockCmd
                0x08000be8       0x3c ..\obj\stm32f4xx_rcc.o
                0x08000be8                RCC_APB2PeriphClockCmd
 .text.ADC_Init
                0x08000c24       0xa8 ..\obj\stm32f4xx_adc.o
                0x08000c24                ADC_Init
 .text.ADC_StructInit
                0x08000ccc       0x3c ..\obj\stm32f4xx_adc.o
                0x08000ccc                ADC_StructInit
 .text.ADC_CommonInit
                0x08000d08       0x50 ..\obj\stm32f4xx_adc.o
                0x08000d08                ADC_CommonInit
 .text.ADC_CommonStructInit
                0x08000d58       0x2c ..\obj\stm32f4xx_adc.o
                0x08000d58                ADC_CommonStructInit
 .text.ADC_Cmd  0x08000d84       0x38 ..\obj\stm32f4xx_adc.o
                0x08000d84                ADC_Cmd
 .text.ADC_RegularChannelConfig
                0x08000dbc      0x188 ..\obj\stm32f4xx_adc.o
                0x08000dbc                ADC_RegularChannelConfig
 .text.ADC_SoftwareStartConv
                0x08000f44       0x20 ..\obj\stm32f4xx_adc.o
                0x08000f44                ADC_SoftwareStartConv
 .text.ADC_GetConversionValue
                0x08000f64       0x1c ..\obj\stm32f4xx_adc.o
                0x08000f64                ADC_GetConversionValue
 .text.ADC_GetFlagStatus
                0x08000f80       0x34 ..\obj\stm32f4xx_adc.o
                0x08000f80                ADC_GetFlagStatus
 .text.GPIO_Init
                0x08000fb4      0x11c ..\obj\stm32f4xx_gpio.o
                0x08000fb4                GPIO_Init
 .text.GPIO_StructInit
                0x080010d0       0x34 ..\obj\stm32f4xx_gpio.o
                0x080010d0                GPIO_StructInit
 .text.GPIO_ReadInputDataBit
                0x08001104       0x34 ..\obj\stm32f4xx_gpio.o
                0x08001104                GPIO_ReadInputDataBit
 .text.GPIO_ReadOutputDataBit
                0x08001138       0x34 ..\obj\stm32f4xx_gpio.o
                0x08001138                GPIO_ReadOutputDataBit
 .text.GPIO_ToggleBits
                0x0800116c       0x24 ..\obj\stm32f4xx_gpio.o
                0x0800116c                GPIO_ToggleBits
 .text.GPIO_PinAFConfig
                0x08001190       0x8c ..\obj\stm32f4xx_gpio.o
                0x08001190                GPIO_PinAFConfig
 .text._sbrk    0x0800121c       0x40 ..\obj\syscalls.o
                0x0800121c                _sbrk
 .text.led_toggle
                0x0800125c       0x30 ..\obj\bsp.o
                0x0800125c                led_toggle
 .text.get_led  0x0800128c       0x34 ..\obj\bsp.o
                0x0800128c                get_led
 .text.sw_getState
                0x080012c0       0x34 ..\obj\bsp.o
                0x080012c0                sw_getState
 .text.transmit_string
                0x080012f4       0x40 ..\obj\bsp.o
                0x080012f4                transmit_string
 .text.get_ADC  0x08001334       0x40 ..\obj\bsp.o
                0x08001334                get_ADC
 .text.USART3_IRQHandler
                0x08001374       0x3c ..\obj\bsp.o
                0x08001374                USART3_IRQHandler
 .text.bsp_init
                0x080013b0       0x18 ..\obj\bsp.o
                0x080013b0                bsp_init
 .text.bsp_led_init
                0x080013c8       0x38 ..\obj\bsp.o
                0x080013c8                bsp_led_init
 .text.bsp_sw_init
                0x08001400       0x38 ..\obj\bsp.o
                0x08001400                bsp_sw_init
 .text.bsp_uart_init
                0x08001438       0xc4 ..\obj\bsp.o
                0x08001438                bsp_uart_init
 .text.bsp_adc_init
                0x080014fc       0x80 ..\obj\bsp.o
                0x080014fc                bsp_adc_init
 .text.NVIC_Init
                0x0800157c       0xbc ..\obj\misc.o
                0x0800157c                NVIC_Init
 .text          0x08001638      0x370 c:/program files/gnu tools arm embedded/4.8 2014q2/bin/../lib/gcc/arm-none-eabi/4.8.4/armv7e-m\libgcc.a(_arm_addsubdf3.o)
                0x08001638                __aeabi_drsub
                0x08001640                __aeabi_dsub
                0x08001640                __subdf3
                0x08001644                __aeabi_dadd
                0x08001644                __adddf3
                0x080018bc                __floatunsidf
                0x080018bc                __aeabi_ui2d
                0x080018dc                __floatsidf
                0x080018dc                __aeabi_i2d
                0x08001900                __aeabi_f2d
                0x08001900                __extendsfdf2
                0x0800193c                __floatundidf
                0x0800193c                __aeabi_ul2d
                0x0800194c                __floatdidf
                0x0800194c                __aeabi_l2d
 .text          0x080019a8      0x21c c:/program files/gnu tools arm embedded/4.8 2014q2/bin/../lib/gcc/arm-none-eabi/4.8.4/armv7e-m\libgcc.a(_arm_addsubsf3.o)
                0x080019a8                __aeabi_frsub
                0x080019b0                __subsf3
                0x080019b0                __aeabi_fsub
                0x080019b4                __aeabi_fadd
                0x080019b4                __addsf3
                0x08001b14                __aeabi_ui2f
                0x08001b14                __floatunsisf
                0x08001b1c                __aeabi_i2f
                0x08001b1c                __floatsisf
                0x08001b38                __aeabi_ul2f
                0x08001b38                __floatundisf
                0x08001b48                __aeabi_l2f
                0x08001b48                __floatdisf
 .text          0x08001bc4      0x2a0 c:/program files/gnu tools arm embedded/4.8 2014q2/bin/../lib/gcc/arm-none-eabi/4.8.4/armv7e-m\libgcc.a(_arm_muldivsf3.o)
                0x08001bc4                __mulsf3
                0x08001bc4                __aeabi_fmul
                0x08001d2c                __aeabi_fdiv
                0x08001d2c                __divsf3
 .text.sprintf  0x08001e64       0x4c c:/program files/gnu tools arm embedded/4.8 2014q2/bin/../lib/gcc/arm-none-eabi/4.8.4/../../../../arm-none-eabi/lib/armv7e-m\libc.a(lib_a-sprintf.o)
                0x08001e64                sprintf
 .text._svfprintf_r
                0x08001eb0     0x14f8 c:/program files/gnu tools arm embedded/4.8 2014q2/bin/../lib/gcc/arm-none-eabi/4.8.4/../../../../arm-none-eabi/lib/armv7e-m\libc.a(lib_a-svfprintf.o)
                0x08001eb0                _svfprintf_r
 .text.quorem   0x080033a8      0x130 c:/program files/gnu tools arm embedded/4.8 2014q2/bin/../lib/gcc/arm-none-eabi/4.8.4/../../../../arm-none-eabi/lib/armv7e-m\libc.a(lib_a-dtoa.o)
 .text._dtoa_r  0x080034d8      0xe38 c:/program files/gnu tools arm embedded/4.8 2014q2/bin/../lib/gcc/arm-none-eabi/4.8.4/../../../../arm-none-eabi/lib/armv7e-m\libc.a(lib_a-dtoa.o)
                0x080034d8                _dtoa_r
 .text._localeconv_r
                0x08004310        0x8 c:/program files/gnu tools arm embedded/4.8 2014q2/bin/../lib/gcc/arm-none-eabi/4.8.4/../../../../arm-none-eabi/lib/armv7e-m\libc.a(lib_a-locale.o)
                0x08004310                _localeconv_r
 .text._malloc_r
                0x08004318      0x538 c:/program files/gnu tools arm embedded/4.8 2014q2/bin/../lib/gcc/arm-none-eabi/4.8.4/../../../../arm-none-eabi/lib/armv7e-m\libc.a(lib_a-mallocr.o)
                0x08004318                _malloc_r
 .text.memchr   0x08004850       0x90 c:/program files/gnu tools arm embedded/4.8 2014q2/bin/../lib/gcc/arm-none-eabi/4.8.4/../../../../arm-none-eabi/lib/armv7e-m\libc.a(lib_a-memchr-stub.o)
                0x08004850                memchr
 .text          0x080048e0      0x134 c:/program files/gnu tools arm embedded/4.8 2014q2/bin/../lib/gcc/arm-none-eabi/4.8.4/../../../../arm-none-eabi/lib/armv7e-m\libc.a(lib_a-memcpy.o)
                0x080048e0                memcpy
 .text.__malloc_lock
                0x08004a14        0x4 c:/program files/gnu tools arm embedded/4.8 2014q2/bin/../lib/gcc/arm-none-eabi/4.8.4/../../../../arm-none-eabi/lib/armv7e-m\libc.a(lib_a-mlock.o)
                0x08004a14                __malloc_lock
 .text.__malloc_unlock
                0x08004a18        0x4 c:/program files/gnu tools arm embedded/4.8 2014q2/bin/../lib/gcc/arm-none-eabi/4.8.4/../../../../arm-none-eabi/lib/armv7e-m\libc.a(lib_a-mlock.o)
                0x08004a18                __malloc_unlock
 .text._Balloc  0x08004a1c       0x4c c:/program files/gnu tools arm embedded/4.8 2014q2/bin/../lib/gcc/arm-none-eabi/4.8.4/../../../../arm-none-eabi/lib/armv7e-m\libc.a(lib_a-mprec.o)
                0x08004a1c                _Balloc
 .text._Bfree   0x08004a68       0x14 c:/program files/gnu tools arm embedded/4.8 2014q2/bin/../lib/gcc/arm-none-eabi/4.8.4/../../../../arm-none-eabi/lib/armv7e-m\libc.a(lib_a-mprec.o)
                0x08004a68                _Bfree
 .text.__multadd
                0x08004a7c       0x98 c:/program files/gnu tools arm embedded/4.8 2014q2/bin/../lib/gcc/arm-none-eabi/4.8.4/../../../../arm-none-eabi/lib/armv7e-m\libc.a(lib_a-mprec.o)
                0x08004a7c                __multadd
 .text.__hi0bits
                0x08004b14       0x40 c:/program files/gnu tools arm embedded/4.8 2014q2/bin/../lib/gcc/arm-none-eabi/4.8.4/../../../../arm-none-eabi/lib/armv7e-m\libc.a(lib_a-mprec.o)
                0x08004b14                __hi0bits
 .text.__lo0bits
                0x08004b54       0x5c c:/program files/gnu tools arm embedded/4.8 2014q2/bin/../lib/gcc/arm-none-eabi/4.8.4/../../../../arm-none-eabi/lib/armv7e-m\libc.a(lib_a-mprec.o)
                0x08004b54                __lo0bits
 .text.__i2b    0x08004bb0       0x14 c:/program files/gnu tools arm embedded/4.8 2014q2/bin/../lib/gcc/arm-none-eabi/4.8.4/../../../../arm-none-eabi/lib/armv7e-m\libc.a(lib_a-mprec.o)
                0x08004bb0                __i2b
 .text.__multiply
                0x08004bc4      0x13c c:/program files/gnu tools arm embedded/4.8 2014q2/bin/../lib/gcc/arm-none-eabi/4.8.4/../../../../arm-none-eabi/lib/armv7e-m\libc.a(lib_a-mprec.o)
                0x08004bc4                __multiply
 .text.__pow5mult
                0x08004d00       0x9c c:/program files/gnu tools arm embedded/4.8 2014q2/bin/../lib/gcc/arm-none-eabi/4.8.4/../../../../arm-none-eabi/lib/armv7e-m\libc.a(lib_a-mprec.o)
                0x08004d00                __pow5mult
 .text.__lshift
                0x08004d9c       0xbc c:/program files/gnu tools arm embedded/4.8 2014q2/bin/../lib/gcc/arm-none-eabi/4.8.4/../../../../arm-none-eabi/lib/armv7e-m\libc.a(lib_a-mprec.o)
                0x08004d9c                __lshift
 .text.__mcmp   0x08004e58       0x48 c:/program files/gnu tools arm embedded/4.8 2014q2/bin/../lib/gcc/arm-none-eabi/4.8.4/../../../../arm-none-eabi/lib/armv7e-m\libc.a(lib_a-mprec.o)
                0x08004e58                __mcmp
 .text.__mdiff  0x08004ea0       0xd4 c:/program files/gnu tools arm embedded/4.8 2014q2/bin/../lib/gcc/arm-none-eabi/4.8.4/../../../../arm-none-eabi/lib/armv7e-m\libc.a(lib_a-mprec.o)
                0x08004ea0                __mdiff
 .text.__d2b    0x08004f74       0xbc c:/program files/gnu tools arm embedded/4.8 2014q2/bin/../lib/gcc/arm-none-eabi/4.8.4/../../../../arm-none-eabi/lib/armv7e-m\libc.a(lib_a-mprec.o)
                0x08004f74                __d2b
 .text.__fpclassifyd
                0x08005030       0x50 c:/program files/gnu tools arm embedded/4.8 2014q2/bin/../lib/gcc/arm-none-eabi/4.8.4/../../../../arm-none-eabi/lib/armv7e-m\libc.a(lib_a-s_fpclassify.o)
                0x08005030                __fpclassifyd
 .text._sbrk_r  0x08005080       0x24 c:/program files/gnu tools arm embedded/4.8 2014q2/bin/../lib/gcc/arm-none-eabi/4.8.4/../../../../arm-none-eabi/lib/armv7e-m\libc.a(lib_a-sbrkr.o)
                0x08005080                _sbrk_r
 .text.strlen   0x080050a4       0x60 c:/program files/gnu tools arm embedded/4.8 2014q2/bin/../lib/gcc/arm-none-eabi/4.8.4/../../../../arm-none-eabi/lib/armv7e-m\libc.a(lib_a-strlen.o)
                0x080050a4                strlen
 .text.__ssprint_r
                0x08005104      0x100 c:/program files/gnu tools arm embedded/4.8 2014q2/bin/../lib/gcc/arm-none-eabi/4.8.4/../../../../arm-none-eabi/lib/armv7e-m\libc.a(lib_a-svfiprintf.o)
                0x08005104                __ssprint_r
 .text._calloc_r
                0x08005204       0x60 c:/program files/gnu tools arm embedded/4.8 2014q2/bin/../lib/gcc/arm-none-eabi/4.8.4/../../../../arm-none-eabi/lib/armv7e-m\libc.a(lib_a-callocr.o)
                0x08005204                _calloc_r
 .text._malloc_trim_r
                0x08005264       0x9c c:/program files/gnu tools arm embedded/4.8 2014q2/bin/../lib/gcc/arm-none-eabi/4.8.4/../../../../arm-none-eabi/lib/armv7e-m\libc.a(lib_a-freer.o)
                0x08005264                _malloc_trim_r
 .text._free_r  0x08005300      0x19c c:/program files/gnu tools arm embedded/4.8 2014q2/bin/../lib/gcc/arm-none-eabi/4.8.4/../../../../arm-none-eabi/lib/armv7e-m\libc.a(lib_a-freer.o)
                0x08005300                _free_r
 .text.memmove  0x0800549c       0xc0 c:/program files/gnu tools arm embedded/4.8 2014q2/bin/../lib/gcc/arm-none-eabi/4.8.4/../../../../arm-none-eabi/lib/armv7e-m\libc.a(lib_a-memmove.o)
                0x0800549c                memmove
 .text.memset   0x0800555c       0x94 c:/program files/gnu tools arm embedded/4.8 2014q2/bin/../lib/gcc/arm-none-eabi/4.8.4/../../../../arm-none-eabi/lib/armv7e-m\libc.a(lib_a-memset.o)
                0x0800555c                memset
 .text._realloc_r
                0x080055f0      0x3cc c:/program files/gnu tools arm embedded/4.8 2014q2/bin/../lib/gcc/arm-none-eabi/4.8.4/../../../../arm-none-eabi/lib/armv7e-m\libc.a(lib_a-reallocr.o)
                0x080055f0                _realloc_r
 .text          0x080059bc      0x424 c:/program files/gnu tools arm embedded/4.8 2014q2/bin/../lib/gcc/arm-none-eabi/4.8.4/armv7e-m\libgcc.a(_arm_muldivdf3.o)
                0x080059bc                __aeabi_dmul
                0x080059bc                __muldf3
                0x08005c10                __divdf3
                0x08005c10                __aeabi_ddiv
 .text          0x08005de0      0x110 c:/program files/gnu tools arm embedded/4.8 2014q2/bin/../lib/gcc/arm-none-eabi/4.8.4/armv7e-m\libgcc.a(_arm_cmpdf2.o)
                0x08005de0                __gtdf2
                0x08005de0                __gedf2
                0x08005de8                __ltdf2
                0x08005de8                __ledf2
                0x08005df0                __nedf2
                0x08005df0                __eqdf2
                0x08005df0                __cmpdf2
                0x08005e6c                __aeabi_cdrcmple
                0x08005e7c                __aeabi_cdcmpeq
                0x08005e7c                __aeabi_cdcmple
                0x08005e8c                __aeabi_dcmpeq
                0x08005ea0                __aeabi_dcmplt
                0x08005eb4                __aeabi_dcmple
                0x08005ec8                __aeabi_dcmpge
                0x08005edc                __aeabi_dcmpgt
 .text          0x08005ef0       0x50 c:/program files/gnu tools arm embedded/4.8 2014q2/bin/../lib/gcc/arm-none-eabi/4.8.4/armv7e-m\libgcc.a(_arm_fixdfsi.o)
                0x08005ef0                __aeabi_d2iz
                0x08005ef0                __fixdfsi
 .text          0x08005f40       0x2c c:/program files/gnu tools arm embedded/4.8 2014q2/bin/../lib/gcc/arm-none-eabi/4.8.4/armv7e-m\libgcc.a(_aeabi_uldivmod.o)
                0x08005f40                __aeabi_uldivmod
 .text          0x08005f6c       0x60 c:/program files/gnu tools arm embedded/4.8 2014q2/bin/../lib/gcc/arm-none-eabi/4.8.4/armv7e-m\libgcc.a(bpabi.o)
                0x08005f6c                __gnu_ldivmod_helper
                0x08005f9c                __gnu_uldivmod_helper
 .text          0x08005fcc        0x4 c:/program files/gnu tools arm embedded/4.8 2014q2/bin/../lib/gcc/arm-none-eabi/4.8.4/armv7e-m\libgcc.a(_dvmd_tls.o)
                0x08005fcc                __aeabi_idiv0
                0x08005fcc                __aeabi_ldiv0
 .text          0x08005fd0      0x298 c:/program files/gnu tools arm embedded/4.8 2014q2/bin/../lib/gcc/arm-none-eabi/4.8.4/armv7e-m\libgcc.a(_divdi3.o)
                0x08005fd0                __divdi3
 .text          0x08006268      0x284 c:/program files/gnu tools arm embedded/4.8 2014q2/bin/../lib/gcc/arm-none-eabi/4.8.4/armv7e-m\libgcc.a(_udivdi3.o)
                0x08006268                __udivdi3
 *(.init)
 *(.fini)
 *crtbegin.o(.ctors)
 *crtbegin?.o(.ctors)
 *(EXCLUDE_FILE(*crtend.o *crtend?.o) .ctors)
 *(SORT(.ctors.*))
 *(.ctors)
 *crtbegin.o(.dtors)
 *crtbegin?.o(.dtors)
 *(EXCLUDE_FILE(*crtend.o *crtend?.o) .dtors)
 *(SORT(.dtors.*))
 *(.dtors)
 *(.rodata*)
 .rodata        0x080064ec      0x1a0 ..\obj\main.o
 .rodata        0x0800668c       0x10 ..\obj\bsp.o
                0x0800668c                leds
                0x08006694                pulsadores
 .rodata.zeroes.6763
                0x0800669c       0x10 c:/program files/gnu tools arm embedded/4.8 2014q2/bin/../lib/gcc/arm-none-eabi/4.8.4/../../../../arm-none-eabi/lib/armv7e-m\libc.a(lib_a-svfprintf.o)
 .rodata.str1.4
                0x080066ac       0x42 c:/program files/gnu tools arm embedded/4.8 2014q2/bin/../lib/gcc/arm-none-eabi/4.8.4/../../../../arm-none-eabi/lib/armv7e-m\libc.a(lib_a-svfprintf.o)
                                 0x44 (size before relaxing)
 *fill*         0x080066ee        0x2 
 .rodata.blanks.6762
                0x080066f0       0x10 c:/program files/gnu tools arm embedded/4.8 2014q2/bin/../lib/gcc/arm-none-eabi/4.8.4/../../../../arm-none-eabi/lib/armv7e-m\libc.a(lib_a-svfprintf.o)
 .rodata.str1.4
                0x08006700       0x10 c:/program files/gnu tools arm embedded/4.8 2014q2/bin/../lib/gcc/arm-none-eabi/4.8.4/../../../../arm-none-eabi/lib/armv7e-m\libc.a(lib_a-dtoa.o)
                                 0x14 (size before relaxing)
 .rodata.str1.4
                0x08006710        0x2 c:/program files/gnu tools arm embedded/4.8 2014q2/bin/../lib/gcc/arm-none-eabi/4.8.4/../../../../arm-none-eabi/lib/armv7e-m\libc.a(lib_a-impure.o)
                                  0x4 (size before relaxing)
 *fill*         0x08006712        0x2 
 .rodata.str1.4
                0x08006714        0xc c:/program files/gnu tools arm embedded/4.8 2014q2/bin/../lib/gcc/arm-none-eabi/4.8.4/../../../../arm-none-eabi/lib/armv7e-m\libc.a(lib_a-locale.o)
                                 0x14 (size before relaxing)
 .rodata.__mprec_tens
                0x08006720       0xc8 c:/program files/gnu tools arm embedded/4.8 2014q2/bin/../lib/gcc/arm-none-eabi/4.8.4/../../../../arm-none-eabi/lib/armv7e-m\libc.a(lib_a-mprec.o)
                0x08006720                __mprec_tens
 .rodata.__mprec_bigtens
                0x080067e8       0x28 c:/program files/gnu tools arm embedded/4.8 2014q2/bin/../lib/gcc/arm-none-eabi/4.8.4/../../../../arm-none-eabi/lib/armv7e-m\libc.a(lib_a-mprec.o)
                0x080067e8                __mprec_bigtens
 .rodata.p05.5269
                0x08006810        0xc c:/program files/gnu tools arm embedded/4.8 2014q2/bin/../lib/gcc/arm-none-eabi/4.8.4/../../../../arm-none-eabi/lib/armv7e-m\libc.a(lib_a-mprec.o)
 *(.eh_fram e*)

.glue_7         0x0800681c        0x0
 .glue_7        0x00000000        0x0 linker stubs

.glue_7t        0x0800681c        0x0
 .glue_7t       0x00000000        0x0 linker stubs

.vfp11_veneer   0x0800681c        0x0
 .vfp11_veneer  0x00000000        0x0 linker stubs

.v4_bx          0x0800681c        0x0
 .v4_bx         0x00000000        0x0 linker stubs

.iplt           0x0800681c        0x0
 .iplt          0x00000000        0x0 ..\obj\stm32f4xx_syscfg.o

.ARM.extab
 *(.ARM.extab* .gnu.linkonce.armextab.*)
                0x0800681c                __exidx_start = .

.ARM.exidx      0x0800681c        0x8
 *(.ARM.exidx* .gnu.linkonce.armexidx.*)
 .ARM.exidx     0x0800681c        0x8 c:/program files/gnu tools arm embedded/4.8 2014q2/bin/../lib/gcc/arm-none-eabi/4.8.4/armv7e-m\libgcc.a(_divdi3.o)
 .ARM.exidx     0x08006824        0x0 c:/program files/gnu tools arm embedded/4.8 2014q2/bin/../lib/gcc/arm-none-eabi/4.8.4/armv7e-m\libgcc.a(_udivdi3.o)
                                  0x8 (size before relaxing)
                0x08006824                __exidx_end = .
                0x08006824                __etext = .
                0x08006824                _sidata = __etext

.rel.dyn        0x08006824        0x0
 .rel.iplt      0x00000000        0x0 ..\obj\stm32f4xx_syscfg.o

.data           0x20000000      0x8a4 load address 0x08006824
                0x20000000                __data_start__ = .
                0x20000000                _sdata = __data_start__
 *(vtable)
 *(.data*)
 .data          0x20000000       0x10 ..\obj\stm32f4xx_rcc.o
 .data          0x20000010       0x20 ..\obj\bsp.o
                0x20000010                leds_port
                0x20000020                sw_port
 .data.impure_data
                0x20000030      0x428 c:/program files/gnu tools arm embedded/4.8 2014q2/bin/../lib/gcc/arm-none-eabi/4.8.4/../../../../arm-none-eabi/lib/armv7e-m\libc.a(lib_a-impure.o)
 .data._impure_ptr
                0x20000458        0x4 c:/program files/gnu tools arm embedded/4.8 2014q2/bin/../lib/gcc/arm-none-eabi/4.8.4/../../../../arm-none-eabi/lib/armv7e-m\libc.a(lib_a-impure.o)
                0x20000458                _impure_ptr
 .data.lconv    0x2000045c       0x38 c:/program files/gnu tools arm embedded/4.8 2014q2/bin/../lib/gcc/arm-none-eabi/4.8.4/../../../../arm-none-eabi/lib/armv7e-m\libc.a(lib_a-locale.o)
 .data.__malloc_av_
                0x20000494      0x408 c:/program files/gnu tools arm embedded/4.8 2014q2/bin/../lib/gcc/arm-none-eabi/4.8.4/../../../../arm-none-eabi/lib/armv7e-m\libc.a(lib_a-mallocr.o)
                0x20000494                __malloc_av_
 .data.__malloc_trim_threshold
                0x2000089c        0x4 c:/program files/gnu tools arm embedded/4.8 2014q2/bin/../lib/gcc/arm-none-eabi/4.8.4/../../../../arm-none-eabi/lib/armv7e-m\libc.a(lib_a-mallocr.o)
                0x2000089c                __malloc_trim_threshold
 .data.__malloc_sbrk_base
                0x200008a0        0x4 c:/program files/gnu tools arm embedded/4.8 2014q2/bin/../lib/gcc/arm-none-eabi/4.8.4/../../../../arm-none-eabi/lib/armv7e-m\libc.a(lib_a-mallocr.o)
                0x200008a0                __malloc_sbrk_base
                0x200008a4                . = ALIGN (0x4)
                0x200008a4                PROVIDE (__preinit_array_start, .)
 *(.preinit_array)
                0x200008a4                PROVIDE (__preinit_array_end, .)
                0x200008a4                . = ALIGN (0x4)
                0x200008a4                PROVIDE (__init_array_start, .)
 *(SORT(.init_array.*))
 *(.init_array)
                0x200008a4                PROVIDE (__init_array_end, .)
                0x200008a4                . = ALIGN (0x4)
                0x200008a4                PROVIDE (__fini_array_start, .)
 *(SORT(.fini_array.*))
 *(.fini_array)
                0x200008a4                PROVIDE (__fini_array_end, .)
 *(.jcr*)
                0x200008a4                . = ALIGN (0x4)
                0x200008a4                __data_end__ = .
                0x200008a4                _edata = __data_end__

.igot.plt       0x200008a4        0x0 load address 0x080070c8
 .igot.plt      0x00000000        0x0 ..\obj\stm32f4xx_syscfg.o

.bss            0x200008a4       0x64 load address 0x080070c8
                0x200008a4                . = ALIGN (0x4)
                0x200008a4                __bss_start__ = .
                0x200008a4                _sbss = __bss_start__
 *(.bss*)
 .bss           0x200008a4       0x24 ..\obj\main.o
                0x200008a4                flagRx
 .bss           0x200008c8        0x4 ..\obj\syscalls.o
 .bss.__malloc_max_total_mem
                0x200008cc        0x4 c:/program files/gnu tools arm embedded/4.8 2014q2/bin/../lib/gcc/arm-none-eabi/4.8.4/../../../../arm-none-eabi/lib/armv7e-m\libc.a(lib_a-mallocr.o)
                0x200008cc                __malloc_max_total_mem
 .bss.__malloc_max_sbrked_mem
                0x200008d0        0x4 c:/program files/gnu tools arm embedded/4.8 2014q2/bin/../lib/gcc/arm-none-eabi/4.8.4/../../../../arm-none-eabi/lib/armv7e-m\libc.a(lib_a-mallocr.o)
                0x200008d0                __malloc_max_sbrked_mem
 .bss.__malloc_top_pad
                0x200008d4        0x4 c:/program files/gnu tools arm embedded/4.8 2014q2/bin/../lib/gcc/arm-none-eabi/4.8.4/../../../../arm-none-eabi/lib/armv7e-m\libc.a(lib_a-mallocr.o)
                0x200008d4                __malloc_top_pad
 .bss.__malloc_current_mallinfo
                0x200008d8       0x28 c:/program files/gnu tools arm embedded/4.8 2014q2/bin/../lib/gcc/arm-none-eabi/4.8.4/../../../../arm-none-eabi/lib/armv7e-m\libc.a(lib_a-mallocr.o)
                0x200008d8                __malloc_current_mallinfo
 *(COMMON)
 COMMON         0x20000900        0x2 ..\obj\main.o
                0x20000900                datoRecibido
 *fill*         0x20000902        0x2 
 COMMON         0x20000904        0x4 c:/program files/gnu tools arm embedded/4.8 2014q2/bin/../lib/gcc/arm-none-eabi/4.8.4/../../../../arm-none-eabi/lib/armv7e-m\libc.a(lib_a-reent.o)
                0x20000904                errno
                0x20000908                . = ALIGN (0x4)
                0x20000908                __bss_end__ = .
                0x20000908                _ebss = __bss_end__

.heap           0x20000908        0x0
                0x20000908                __end__ = .
                0x20000908                _end = __end__
                0x20000908                end = __end__
 *(.heap*)
                0x20000908                __HeapLimit = .

.co_stack       0x20000908      0x800 load address 0x0800712c
                0x20000908                . = ALIGN (0x8)
 *(.co_stack .co_stack.*)
 .co_stack      0x20000908      0x800 ..\obj\startup_stm32f4xx.o
                0x20000908                pulStack
                0x20010000                __StackTop = (ORIGIN (ram) + 0x10000)
                0x2000f800                __StackLimit = (__StackTop - SIZEOF (.co_stack))
                0x20010000                PROVIDE (__stack, __StackTop)
                0x00000001                ASSERT ((__StackLimit >= __HeapLimit), region ram  overflowed with stack)
LOAD ..\obj\stm32f4xx_syscfg.o
LOAD ..\obj\stm32f4xx_usart.o
LOAD ..\obj\startup_stm32f4xx.o
LOAD ..\obj\main.o
LOAD ..\obj\stm32f4xx_rcc.o
LOAD ..\obj\stm32f4xx_adc.o
LOAD ..\obj\stm32f4xx_gpio.o
LOAD ..\obj\system_stm32f4xx.o
LOAD ..\obj\syscalls.o
LOAD ..\obj\bsp.o
LOAD ..\obj\misc.o
LOAD ..\obj\stm32f4xx_tim.o
LOAD c:/program files/gnu tools arm embedded/4.8 2014q2/bin/../lib/gcc/arm-none-eabi/4.8.4/../../../../arm-none-eabi/lib/armv7e-m\libm.a
LOAD c:/program files/gnu tools arm embedded/4.8 2014q2/bin/../lib/gcc/arm-none-eabi/4.8.4/armv7e-m\libgcc.a
LOAD c:/program files/gnu tools arm embedded/4.8 2014q2/bin/../lib/gcc/arm-none-eabi/4.8.4/../../../../arm-none-eabi/lib/armv7e-m\libc.a
START GROUP
LOAD c:/program files/gnu tools arm embedded/4.8 2014q2/bin/../lib/gcc/arm-none-eabi/4.8.4/armv7e-m\libgcc.a
LOAD c:/program files/gnu tools arm embedded/4.8 2014q2/bin/../lib/gcc/arm-none-eabi/4.8.4/../../../../arm-none-eabi/lib/armv7e-m\libg.a
LOAD c:/program files/gnu tools arm embedded/4.8 2014q2/bin/../lib/gcc/arm-none-eabi/4.8.4/../../../../arm-none-eabi/lib/armv7e-m\libc.a
END GROUP
OUTPUT(LAB_n2_FSM.elf elf32-littlearm)

.debug_info     0x00000000     0x3f6c
 .debug_info    0x00000000      0x9c2 ..\obj\stm32f4xx_usart.o
 .debug_info    0x000009c2       0xed ..\obj\startup_stm32f4xx.o
 .debug_info    0x00000aaf      0x244 ..\obj\main.o
 .debug_info    0x00000cf3      0xc4d ..\obj\stm32f4xx_rcc.o
 .debug_info    0x00001940      0xc38 ..\obj\stm32f4xx_adc.o
 .debug_info    0x00002578      0x602 ..\obj\stm32f4xx_gpio.o
 .debug_info    0x00002b7a      0x3ee ..\obj\syscalls.o
 .debug_info    0x00002f68      0xac7 ..\obj\bsp.o
 .debug_info    0x00003a2f      0x53d ..\obj\misc.o

.debug_abbrev   0x00000000      0xbc6
 .debug_abbrev  0x00000000      0x155 ..\obj\stm32f4xx_usart.o
 .debug_abbrev  0x00000155       0xb0 ..\obj\startup_stm32f4xx.o
 .debug_abbrev  0x00000205       0xde ..\obj\main.o
 .debug_abbrev  0x000002e3      0x1e3 ..\obj\stm32f4xx_rcc.o
 .debug_abbrev  0x000004c6      0x196 ..\obj\stm32f4xx_adc.o
 .debug_abbrev  0x0000065c      0x1a3 ..\obj\stm32f4xx_gpio.o
 .debug_abbrev  0x000007ff       0xe2 ..\obj\syscalls.o
 .debug_abbrev  0x000008e1      0x1a0 ..\obj\bsp.o
 .debug_abbrev  0x00000a81      0x145 ..\obj\misc.o

.debug_aranges  0x00000000      0x5c8
 .debug_aranges
                0x00000000      0x100 ..\obj\stm32f4xx_usart.o
 .debug_aranges
                0x00000100       0x28 ..\obj\startup_stm32f4xx.o
 .debug_aranges
                0x00000128       0x30 ..\obj\main.o
 .debug_aranges
                0x00000158      0x178 ..\obj\stm32f4xx_rcc.o
 .debug_aranges
                0x000002d0      0x148 ..\obj\stm32f4xx_adc.o
 .debug_aranges
                0x00000418       0x88 ..\obj\stm32f4xx_gpio.o
 .debug_aranges
                0x000004a0       0x60 ..\obj\syscalls.o
 .debug_aranges
                0x00000500       0x88 ..\obj\bsp.o
 .debug_aranges
                0x00000588       0x40 ..\obj\misc.o

.debug_ranges   0x00000000      0x538
 .debug_ranges  0x00000000       0xf0 ..\obj\stm32f4xx_usart.o
 .debug_ranges  0x000000f0       0x18 ..\obj\startup_stm32f4xx.o
 .debug_ranges  0x00000108       0x20 ..\obj\main.o
 .debug_ranges  0x00000128      0x168 ..\obj\stm32f4xx_rcc.o
 .debug_ranges  0x00000290      0x138 ..\obj\stm32f4xx_adc.o
 .debug_ranges  0x000003c8       0x78 ..\obj\stm32f4xx_gpio.o
 .debug_ranges  0x00000440       0x50 ..\obj\syscalls.o
 .debug_ranges  0x00000490       0x78 ..\obj\bsp.o
 .debug_ranges  0x00000508       0x30 ..\obj\misc.o

.debug_line     0x00000000     0x1e44
 .debug_line    0x00000000      0x4e9 ..\obj\stm32f4xx_usart.o
 .debug_line    0x000004e9       0xb2 ..\obj\startup_stm32f4xx.o
 .debug_line    0x0000059b      0x1fc ..\obj\main.o
 .debug_line    0x00000797      0x5e1 ..\obj\stm32f4xx_rcc.o
 .debug_line    0x00000d78      0x599 ..\obj\stm32f4xx_adc.o
 .debug_line    0x00001311      0x386 ..\obj\stm32f4xx_gpio.o
 .debug_line    0x00001697      0x183 ..\obj\syscalls.o
 .debug_line    0x0000181a      0x39e ..\obj\bsp.o
 .debug_line    0x00001bb8      0x28c ..\obj\misc.o

.debug_str      0x00000000     0x21dd
 .debug_str     0x00000000      0x625 ..\obj\stm32f4xx_usart.o
                                0x6a0 (size before relaxing)
 .debug_str     0x00000625       0xc1 ..\obj\startup_stm32f4xx.o
                                0x158 (size before relaxing)
 .debug_str     0x000006e6      0x173 ..\obj\main.o
                                0x2b1 (size before relaxing)
 .debug_str     0x00000859      0x5f4 ..\obj\stm32f4xx_rcc.o
                                0x861 (size before relaxing)
 .debug_str     0x00000e4d      0x64b ..\obj\stm32f4xx_adc.o
                                0x815 (size before relaxing)
 .debug_str     0x00001498      0x339 ..\obj\stm32f4xx_gpio.o
                                0x4b4 (size before relaxing)
 .debug_str     0x000017d1      0x174 ..\obj\syscalls.o
                                0x2f7 (size before relaxing)
 .debug_str     0x00001945      0x6d9 ..\obj\bsp.o
                                0xc28 (size before relaxing)
 .debug_str     0x0000201e      0x1bf ..\obj\misc.o
                                0x3df (size before relaxing)

.comment        0x00000000       0x70
 .comment       0x00000000       0x70 ..\obj\stm32f4xx_usart.o
                                 0x71 (size before relaxing)
 .comment       0x00000000       0x71 ..\obj\startup_stm32f4xx.o
 .comment       0x00000000       0x71 ..\obj\main.o
 .comment       0x00000000       0x71 ..\obj\stm32f4xx_rcc.o
 .comment       0x00000000       0x71 ..\obj\stm32f4xx_adc.o
 .comment       0x00000000       0x71 ..\obj\stm32f4xx_gpio.o
 .comment       0x00000000       0x71 ..\obj\syscalls.o
 .comment       0x00000000       0x71 ..\obj\bsp.o
 .comment       0x00000000       0x71 ..\obj\misc.o

.ARM.attributes
                0x00000000       0x31
 .ARM.attributes
                0x00000000       0x33 ..\obj\stm32f4xx_usart.o
 .ARM.attributes
                0x00000033       0x33 ..\obj\startup_stm32f4xx.o
 .ARM.attributes
                0x00000066       0x33 ..\obj\main.o
 .ARM.attributes
                0x00000099       0x33 ..\obj\stm32f4xx_rcc.o
 .ARM.attributes
                0x000000cc       0x33 ..\obj\stm32f4xx_adc.o
 .ARM.attributes
                0x000000ff       0x33 ..\obj\stm32f4xx_gpio.o
 .ARM.attributes
                0x00000132       0x33 ..\obj\syscalls.o
 .ARM.attributes
                0x00000165       0x33 ..\obj\bsp.o
 .ARM.attributes
                0x00000198       0x33 ..\obj\misc.o
 .ARM.attributes
                0x000001cb       0x1e c:/program files/gnu tools arm embedded/4.8 2014q2/bin/../lib/gcc/arm-none-eabi/4.8.4/armv7e-m\libgcc.a(_arm_addsubdf3.o)
 .ARM.attributes
                0x000001e9       0x1e c:/program files/gnu tools arm embedded/4.8 2014q2/bin/../lib/gcc/arm-none-eabi/4.8.4/armv7e-m\libgcc.a(_arm_addsubsf3.o)
 .ARM.attributes
                0x00000207       0x1e c:/program files/gnu tools arm embedded/4.8 2014q2/bin/../lib/gcc/arm-none-eabi/4.8.4/armv7e-m\libgcc.a(_arm_muldivsf3.o)
 .ARM.attributes
                0x00000225       0x2e c:/program files/gnu tools arm embedded/4.8 2014q2/bin/../lib/gcc/arm-none-eabi/4.8.4/../../../../arm-none-eabi/lib/armv7e-m\libc.a(lib_a-sprintf.o)
 .ARM.attributes
                0x00000253       0x2e c:/program files/gnu tools arm embedded/4.8 2014q2/bin/../lib/gcc/arm-none-eabi/4.8.4/../../../../arm-none-eabi/lib/armv7e-m\libc.a(lib_a-svfprintf.o)
 .ARM.attributes
                0x00000281       0x2e c:/program files/gnu tools arm embedded/4.8 2014q2/bin/../lib/gcc/arm-none-eabi/4.8.4/../../../../arm-none-eabi/lib/armv7e-m\libc.a(lib_a-dtoa.o)
 .ARM.attributes
                0x000002af       0x2e c:/program files/gnu tools arm embedded/4.8 2014q2/bin/../lib/gcc/arm-none-eabi/4.8.4/../../../../arm-none-eabi/lib/armv7e-m\libc.a(lib_a-impure.o)
 .ARM.attributes
                0x000002dd       0x2e c:/program files/gnu tools arm embedded/4.8 2014q2/bin/../lib/gcc/arm-none-eabi/4.8.4/../../../../arm-none-eabi/lib/armv7e-m\libc.a(lib_a-locale.o)
 .ARM.attributes
                0x0000030b       0x2e c:/program files/gnu tools arm embedded/4.8 2014q2/bin/../lib/gcc/arm-none-eabi/4.8.4/../../../../arm-none-eabi/lib/armv7e-m\libc.a(lib_a-mallocr.o)
 .ARM.attributes
                0x00000339       0x2e c:/program files/gnu tools arm embedded/4.8 2014q2/bin/../lib/gcc/arm-none-eabi/4.8.4/../../../../arm-none-eabi/lib/armv7e-m\libc.a(lib_a-memchr-stub.o)
 .ARM.attributes
                0x00000367       0x1c c:/program files/gnu tools arm embedded/4.8 2014q2/bin/../lib/gcc/arm-none-eabi/4.8.4/../../../../arm-none-eabi/lib/armv7e-m\libc.a(lib_a-memcpy.o)
 .ARM.attributes
                0x00000383       0x2e c:/program files/gnu tools arm embedded/4.8 2014q2/bin/../lib/gcc/arm-none-eabi/4.8.4/../../../../arm-none-eabi/lib/armv7e-m\libc.a(lib_a-mlock.o)
 .ARM.attributes
                0x000003b1       0x2e c:/program files/gnu tools arm embedded/4.8 2014q2/bin/../lib/gcc/arm-none-eabi/4.8.4/../../../../arm-none-eabi/lib/armv7e-m\libc.a(lib_a-mprec.o)
 .ARM.attributes
                0x000003df       0x2e c:/program files/gnu tools arm embedded/4.8 2014q2/bin/../lib/gcc/arm-none-eabi/4.8.4/../../../../arm-none-eabi/lib/armv7e-m\libc.a(lib_a-s_fpclassify.o)
 .ARM.attributes
                0x0000040d       0x2e c:/program files/gnu tools arm embedded/4.8 2014q2/bin/../lib/gcc/arm-none-eabi/4.8.4/../../../../arm-none-eabi/lib/armv7e-m\libc.a(lib_a-sbrkr.o)
 .ARM.attributes
                0x0000043b       0x2e c:/program files/gnu tools arm embedded/4.8 2014q2/bin/../lib/gcc/arm-none-eabi/4.8.4/../../../../arm-none-eabi/lib/armv7e-m\libc.a(lib_a-strlen.o)
 .ARM.attributes
                0x00000469       0x2e c:/program files/gnu tools arm embedded/4.8 2014q2/bin/../lib/gcc/arm-none-eabi/4.8.4/../../../../arm-none-eabi/lib/armv7e-m\libc.a(lib_a-svfiprintf.o)
 .ARM.attributes
                0x00000497       0x2e c:/program files/gnu tools arm embedded/4.8 2014q2/bin/../lib/gcc/arm-none-eabi/4.8.4/../../../../arm-none-eabi/lib/armv7e-m\libc.a(lib_a-callocr.o)
 .ARM.attributes
                0x000004c5       0x2e c:/program files/gnu tools arm embedded/4.8 2014q2/bin/../lib/gcc/arm-none-eabi/4.8.4/../../../../arm-none-eabi/lib/armv7e-m\libc.a(lib_a-freer.o)
 .ARM.attributes
                0x000004f3       0x2e c:/program files/gnu tools arm embedded/4.8 2014q2/bin/../lib/gcc/arm-none-eabi/4.8.4/../../../../arm-none-eabi/lib/armv7e-m\libc.a(lib_a-memmove.o)
 .ARM.attributes
                0x00000521       0x2e c:/program files/gnu tools arm embedded/4.8 2014q2/bin/../lib/gcc/arm-none-eabi/4.8.4/../../../../arm-none-eabi/lib/armv7e-m\libc.a(lib_a-memset.o)
 .ARM.attributes
                0x0000054f       0x2e c:/program files/gnu tools arm embedded/4.8 2014q2/bin/../lib/gcc/arm-none-eabi/4.8.4/../../../../arm-none-eabi/lib/armv7e-m\libc.a(lib_a-reallocr.o)
 .ARM.attributes
                0x0000057d       0x2e c:/program files/gnu tools arm embedded/4.8 2014q2/bin/../lib/gcc/arm-none-eabi/4.8.4/../../../../arm-none-eabi/lib/armv7e-m\libc.a(lib_a-reent.o)
 .ARM.attributes
                0x000005ab       0x1e c:/program files/gnu tools arm embedded/4.8 2014q2/bin/../lib/gcc/arm-none-eabi/4.8.4/armv7e-m\libgcc.a(_arm_muldivdf3.o)
 .ARM.attributes
                0x000005c9       0x1e c:/program files/gnu tools arm embedded/4.8 2014q2/bin/../lib/gcc/arm-none-eabi/4.8.4/armv7e-m\libgcc.a(_arm_cmpdf2.o)
 .ARM.attributes
                0x000005e7       0x1e c:/program files/gnu tools arm embedded/4.8 2014q2/bin/../lib/gcc/arm-none-eabi/4.8.4/armv7e-m\libgcc.a(_arm_fixdfsi.o)
 .ARM.attributes
                0x00000605       0x1e c:/program files/gnu tools arm embedded/4.8 2014q2/bin/../lib/gcc/arm-none-eabi/4.8.4/armv7e-m\libgcc.a(_aeabi_uldivmod.o)
 .ARM.attributes
                0x00000623       0x2e c:/program files/gnu tools arm embedded/4.8 2014q2/bin/../lib/gcc/arm-none-eabi/4.8.4/armv7e-m\libgcc.a(bpabi.o)
 .ARM.attributes
                0x00000651       0x1e c:/program files/gnu tools arm embedded/4.8 2014q2/bin/../lib/gcc/arm-none-eabi/4.8.4/armv7e-m\libgcc.a(_dvmd_tls.o)
 .ARM.attributes
                0x0000066f       0x2e c:/program files/gnu tools arm embedded/4.8 2014q2/bin/../lib/gcc/arm-none-eabi/4.8.4/armv7e-m\libgcc.a(_divdi3.o)
 .ARM.attributes
                0x0000069d       0x2e c:/program files/gnu tools arm embedded/4.8 2014q2/bin/../lib/gcc/arm-none-eabi/4.8.4/armv7e-m\libgcc.a(_udivdi3.o)

.debug_frame    0x00000000     0x1950
 .debug_frame   0x00000000      0x344 ..\obj\stm32f4xx_usart.o
 .debug_frame   0x00000344       0x48 ..\obj\startup_stm32f4xx.o
 .debug_frame   0x0000038c       0x70 ..\obj\main.o
 .debug_frame   0x000003fc      0x4d8 ..\obj\stm32f4xx_rcc.o
 .debug_frame   0x000008d4      0x434 ..\obj\stm32f4xx_adc.o
 .debug_frame   0x00000d08      0x19c ..\obj\stm32f4xx_gpio.o
 .debug_frame   0x00000ea4      0x108 ..\obj\syscalls.o
 .debug_frame   0x00000fac      0x1cc ..\obj\bsp.o
 .debug_frame   0x00001178       0x9c ..\obj\misc.o
 .debug_frame   0x00001214       0x64 c:/program files/gnu tools arm embedded/4.8 2014q2/bin/../lib/gcc/arm-none-eabi/4.8.4/../../../../arm-none-eabi/lib/armv7e-m\libc.a(lib_a-sprintf.o)
 .debug_frame   0x00001278       0x3c c:/program files/gnu tools arm embedded/4.8 2014q2/bin/../lib/gcc/arm-none-eabi/4.8.4/../../../../arm-none-eabi/lib/armv7e-m\libc.a(lib_a-svfprintf.o)
 .debug_frame   0x000012b4       0x64 c:/program files/gnu tools arm embedded/4.8 2014q2/bin/../lib/gcc/arm-none-eabi/4.8.4/../../../../arm-none-eabi/lib/armv7e-m\libc.a(lib_a-dtoa.o)
 .debug_frame   0x00001318       0x98 c:/program files/gnu tools arm embedded/4.8 2014q2/bin/../lib/gcc/arm-none-eabi/4.8.4/../../../../arm-none-eabi/lib/armv7e-m\libc.a(lib_a-locale.o)
 .debug_frame   0x000013b0       0x38 c:/program files/gnu tools arm embedded/4.8 2014q2/bin/../lib/gcc/arm-none-eabi/4.8.4/../../../../arm-none-eabi/lib/armv7e-m\libc.a(lib_a-mallocr.o)
 .debug_frame   0x000013e8       0x2c c:/program files/gnu tools arm embedded/4.8 2014q2/bin/../lib/gcc/arm-none-eabi/4.8.4/../../../../arm-none-eabi/lib/armv7e-m\libc.a(lib_a-memchr-stub.o)
 .debug_frame   0x00001414       0x30 c:/program files/gnu tools arm embedded/4.8 2014q2/bin/../lib/gcc/arm-none-eabi/4.8.4/../../../../arm-none-eabi/lib/armv7e-m\libc.a(lib_a-mlock.o)
 .debug_frame   0x00001444      0x22c c:/program files/gnu tools arm embedded/4.8 2014q2/bin/../lib/gcc/arm-none-eabi/4.8.4/../../../../arm-none-eabi/lib/armv7e-m\libc.a(lib_a-mprec.o)
 .debug_frame   0x00001670       0x28 c:/program files/gnu tools arm embedded/4.8 2014q2/bin/../lib/gcc/arm-none-eabi/4.8.4/../../../../arm-none-eabi/lib/armv7e-m\libc.a(lib_a-s_fpclassify.o)
 .debug_frame   0x00001698       0x2c c:/program files/gnu tools arm embedded/4.8 2014q2/bin/../lib/gcc/arm-none-eabi/4.8.4/../../../../arm-none-eabi/lib/armv7e-m\libc.a(lib_a-sbrkr.o)
 .debug_frame   0x000016c4       0x20 c:/program files/gnu tools arm embedded/4.8 2014q2/bin/../lib/gcc/arm-none-eabi/4.8.4/../../../../arm-none-eabi/lib/armv7e-m\libc.a(lib_a-strlen.o)
 .debug_frame   0x000016e4       0x64 c:/program files/gnu tools arm embedded/4.8 2014q2/bin/../lib/gcc/arm-none-eabi/4.8.4/../../../../arm-none-eabi/lib/armv7e-m\libc.a(lib_a-svfiprintf.o)
 .debug_frame   0x00001748       0x28 c:/program files/gnu tools arm embedded/4.8 2014q2/bin/../lib/gcc/arm-none-eabi/4.8.4/../../../../arm-none-eabi/lib/armv7e-m\libc.a(lib_a-callocr.o)
 .debug_frame   0x00001770       0x50 c:/program files/gnu tools arm embedded/4.8 2014q2/bin/../lib/gcc/arm-none-eabi/4.8.4/../../../../arm-none-eabi/lib/armv7e-m\libc.a(lib_a-freer.o)
 .debug_frame   0x000017c0       0x2c c:/program files/gnu tools arm embedded/4.8 2014q2/bin/../lib/gcc/arm-none-eabi/4.8.4/../../../../arm-none-eabi/lib/armv7e-m\libc.a(lib_a-memmove.o)
 .debug_frame   0x000017ec       0x2c c:/program files/gnu tools arm embedded/4.8 2014q2/bin/../lib/gcc/arm-none-eabi/4.8.4/../../../../arm-none-eabi/lib/armv7e-m\libc.a(lib_a-memset.o)
 .debug_frame   0x00001818       0x38 c:/program files/gnu tools arm embedded/4.8 2014q2/bin/../lib/gcc/arm-none-eabi/4.8.4/../../../../arm-none-eabi/lib/armv7e-m\libc.a(lib_a-reallocr.o)
 .debug_frame   0x00001850       0x48 c:/program files/gnu tools arm embedded/4.8 2014q2/bin/../lib/gcc/arm-none-eabi/4.8.4/../../../../arm-none-eabi/lib/armv7e-m\libc.a(lib_a-reent.o)
 .debug_frame   0x00001898       0x50 c:/program files/gnu tools arm embedded/4.8 2014q2/bin/../lib/gcc/arm-none-eabi/4.8.4/armv7e-m\libgcc.a(bpabi.o)
 .debug_frame   0x000018e8       0x34 c:/program files/gnu tools arm embedded/4.8 2014q2/bin/../lib/gcc/arm-none-eabi/4.8.4/armv7e-m\libgcc.a(_divdi3.o)
 .debug_frame   0x0000191c       0x34 c:/program files/gnu tools arm embedded/4.8 2014q2/bin/../lib/gcc/arm-none-eabi/4.8.4/armv7e-m\libgcc.a(_udivdi3.o)
